Archive member included to satisfy reference by file (symbol)

c:/program files (x86)/atmel/studio/7.0/toolchain/avr8/avr8-gnu-toolchain/bin/../lib/gcc/avr/5.4.0/avr5\libgcc.a(_udivmodhi4.o)
                              bufferchris.o (__udivmodhi4)
c:/program files (x86)/atmel/studio/7.0/toolchain/avr8/avr8-gnu-toolchain/bin/../lib/gcc/avr/5.4.0/avr5\libgcc.a(_udivmodsi4.o)
                              rprintf.o (__udivmodsi4)
c:/program files (x86)/atmel/studio/7.0/toolchain/avr8/avr8-gnu-toolchain/bin/../lib/gcc/avr/5.4.0/avr5\libgcc.a(_exit.o)
                              C:/Program Files (x86)/Atmel/Studio/7.0/Packs/atmel/ATmega_DFP/1.2.150/gcc/dev/atmega328p/avr5/crtatmega328p.o (exit)
c:/program files (x86)/atmel/studio/7.0/toolchain/avr8/avr8-gnu-toolchain/bin/../lib/gcc/avr/5.4.0/avr5\libgcc.a(_clear_bss.o)
                              commandprotocol.o (__do_clear_bss)
c:/program files (x86)/atmel/studio/7.0/toolchain/avr8/avr8-gnu-toolchain/bin/../lib/gcc/avr/5.4.0/../../../../avr/lib/avr5\libc.a(atoi.o)
                              main.o (atoi)
c:/program files (x86)/atmel/studio/7.0/toolchain/avr8/avr8-gnu-toolchain/bin/../lib/gcc/avr/5.4.0/../../../../avr/lib/avr5\libc.a(memset.o)
                              bufferchris.o (memset)
c:/program files (x86)/atmel/studio/7.0/toolchain/avr8/avr8-gnu-toolchain/bin/../lib/gcc/avr/5.4.0/../../../../avr/lib/avr5\libc.a(strcpy.o)
                              main.o (strcpy)
c:/program files (x86)/atmel/studio/7.0/toolchain/avr8/avr8-gnu-toolchain/bin/../lib/gcc/avr/5.4.0/../../../../avr/lib/avr5\libc.a(mul10.o)
                              c:/program files (x86)/atmel/studio/7.0/toolchain/avr8/avr8-gnu-toolchain/bin/../lib/gcc/avr/5.4.0/../../../../avr/lib/avr5\libc.a(atoi.o) (__mulhi_const_10)
c:/program files (x86)/atmel/studio/7.0/toolchain/avr8/avr8-gnu-toolchain/bin/../lib/gcc/avr/5.4.0/../../../../avr/lib/avr5\libc.a(sprintf_p.o)
                              commandprotocol.o (sprintf_P)
c:/program files (x86)/atmel/studio/7.0/toolchain/avr8/avr8-gnu-toolchain/bin/../lib/gcc/avr/5.4.0/../../../../avr/lib/avr5\libc.a(vfprintf_std.o)
                              c:/program files (x86)/atmel/studio/7.0/toolchain/avr8/avr8-gnu-toolchain/bin/../lib/gcc/avr/5.4.0/../../../../avr/lib/avr5\libc.a(sprintf_p.o) (vfprintf)
c:/program files (x86)/atmel/studio/7.0/toolchain/avr8/avr8-gnu-toolchain/bin/../lib/gcc/avr/5.4.0/../../../../avr/lib/avr5\libc.a(strnlen_P.o)
                              c:/program files (x86)/atmel/studio/7.0/toolchain/avr8/avr8-gnu-toolchain/bin/../lib/gcc/avr/5.4.0/../../../../avr/lib/avr5\libc.a(vfprintf_std.o) (strnlen_P)
c:/program files (x86)/atmel/studio/7.0/toolchain/avr8/avr8-gnu-toolchain/bin/../lib/gcc/avr/5.4.0/../../../../avr/lib/avr5\libc.a(strnlen.o)
                              c:/program files (x86)/atmel/studio/7.0/toolchain/avr8/avr8-gnu-toolchain/bin/../lib/gcc/avr/5.4.0/../../../../avr/lib/avr5\libc.a(vfprintf_std.o) (strnlen)
c:/program files (x86)/atmel/studio/7.0/toolchain/avr8/avr8-gnu-toolchain/bin/../lib/gcc/avr/5.4.0/../../../../avr/lib/avr5\libc.a(fputc.o)
                              c:/program files (x86)/atmel/studio/7.0/toolchain/avr8/avr8-gnu-toolchain/bin/../lib/gcc/avr/5.4.0/../../../../avr/lib/avr5\libc.a(vfprintf_std.o) (fputc)
c:/program files (x86)/atmel/studio/7.0/toolchain/avr8/avr8-gnu-toolchain/bin/../lib/gcc/avr/5.4.0/../../../../avr/lib/avr5\libc.a(ultoa_invert.o)
                              c:/program files (x86)/atmel/studio/7.0/toolchain/avr8/avr8-gnu-toolchain/bin/../lib/gcc/avr/5.4.0/../../../../avr/lib/avr5\libc.a(vfprintf_std.o) (__ultoa_invert)
C:/Program Files (x86)/Atmel/Studio/7.0/Packs/atmel/ATmega_DFP/1.2.150/gcc/dev/atmega328p/avr5\libatmega328p.a(eerd_byte.o)
                              commandprotocol.o (eeprom_read_byte)
C:/Program Files (x86)/Atmel/Studio/7.0/Packs/atmel/ATmega_DFP/1.2.150/gcc/dev/atmega328p/avr5\libatmega328p.a(eewr_byte.o)
                              commandprotocol.o (eeprom_write_byte)
c:/program files (x86)/atmel/studio/7.0/toolchain/avr8/avr8-gnu-toolchain/bin/../lib/gcc/avr/5.4.0/avr5\libgcc.a(_prologue.o)
                              c:/program files (x86)/atmel/studio/7.0/toolchain/avr8/avr8-gnu-toolchain/bin/../lib/gcc/avr/5.4.0/../../../../avr/lib/avr5\libc.a(sprintf_p.o) (__prologue_saves__)
c:/program files (x86)/atmel/studio/7.0/toolchain/avr8/avr8-gnu-toolchain/bin/../lib/gcc/avr/5.4.0/avr5\libgcc.a(_epilogue.o)
                              c:/program files (x86)/atmel/studio/7.0/toolchain/avr8/avr8-gnu-toolchain/bin/../lib/gcc/avr/5.4.0/../../../../avr/lib/avr5\libc.a(sprintf_p.o) (__epilogue_restores__)

Allocating common symbols
Common symbol       size              file

uartReadyTx         0x1               uartchris.o
rxAddressed         0x1               commandprotocol.o
customResponse      0x1               commandprotocol.o
cmdBuffer           0x40              commandprotocol.o
uartRxBuffer        0x8               uartchris.o
int_flag            0x1               main.o
cmdReadyToProcess   0x1               commandprotocol.o
uartBufferedTx      0x1               uartchris.o
rxCommandOverloaded
                    0x1               commandprotocol.o
uartRxIntData       0x1               uartchris.o
bufindex            0x2               main.o
myAddress           0x1               commandprotocol.o
buf                 0x528             main.o
rxAddrNext          0x1               commandprotocol.o
rxCompleteFlag      0x1               commandprotocol.o
myVolatileStr       0x28              main.o
uartTxIntData       0x1               uartchris.o
rxAddrGlobal        0x1               commandprotocol.o
sprintbuf           0x50              commandprotocol.o
uartTxBuffer        0x8               uartchris.o
uartRxOverflow      0x2               uartchris.o
rxCommandProcessing
                    0x1               commandprotocol.o

Discarded input sections

 .data          0x00000000        0x0 C:/Program Files (x86)/Atmel/Studio/7.0/Packs/atmel/ATmega_DFP/1.2.150/gcc/dev/atmega328p/avr5/crtatmega328p.o
 .bss           0x00000000        0x0 C:/Program Files (x86)/Atmel/Studio/7.0/Packs/atmel/ATmega_DFP/1.2.150/gcc/dev/atmega328p/avr5/crtatmega328p.o
 .group         0x00000000        0x8 bufferchris.o
 .group         0x00000000        0x8 bufferchris.o
 .group         0x00000000        0x8 bufferchris.o
 .group         0x00000000        0x8 bufferchris.o
 .group         0x00000000        0x8 bufferchris.o
 .group         0x00000000        0x8 bufferchris.o
 .group         0x00000000        0x8 bufferchris.o
 .group         0x00000000        0x8 bufferchris.o
 .group         0x00000000        0x8 bufferchris.o
 .group         0x00000000        0x8 bufferchris.o
 .group         0x00000000        0x8 bufferchris.o
 .group         0x00000000        0x8 bufferchris.o
 .group         0x00000000        0x8 bufferchris.o
 .group         0x00000000        0x8 bufferchris.o
 .group         0x00000000        0x8 bufferchris.o
 .group         0x00000000        0x8 bufferchris.o
 .group         0x00000000        0x8 bufferchris.o
 .text          0x00000000        0x0 bufferchris.o
 .data          0x00000000        0x0 bufferchris.o
 .bss           0x00000000        0x0 bufferchris.o
 .text.bufferGetFromFront
                0x00000000       0x4c bufferchris.o
 .text.bufferDumpFromFront
                0x00000000       0x42 bufferchris.o
 .text.bufferGetAtIndex
                0x00000000       0x26 bufferchris.o
 .text.bufferIsNotFull
                0x00000000       0x16 bufferchris.o
 .text.bufferFlush
                0x00000000        0xe bufferchris.o
 .group         0x00000000        0x8 commandprotocol.o
 .group         0x00000000        0x8 commandprotocol.o
 .group         0x00000000        0x8 commandprotocol.o
 .group         0x00000000        0x8 commandprotocol.o
 .group         0x00000000        0x8 commandprotocol.o
 .group         0x00000000        0x8 commandprotocol.o
 .group         0x00000000        0x8 commandprotocol.o
 .group         0x00000000        0x8 commandprotocol.o
 .group         0x00000000        0x8 commandprotocol.o
 .group         0x00000000        0x8 commandprotocol.o
 .group         0x00000000        0x8 commandprotocol.o
 .group         0x00000000        0x8 commandprotocol.o
 .group         0x00000000        0x8 commandprotocol.o
 .group         0x00000000        0x8 commandprotocol.o
 .group         0x00000000        0x8 commandprotocol.o
 .group         0x00000000        0x8 commandprotocol.o
 .group         0x00000000        0x8 commandprotocol.o
 .group         0x00000000        0x8 commandprotocol.o
 .group         0x00000000        0x8 commandprotocol.o
 .group         0x00000000        0x8 commandprotocol.o
 .group         0x00000000        0x8 commandprotocol.o
 .group         0x00000000        0x8 commandprotocol.o
 .group         0x00000000        0x8 commandprotocol.o
 .group         0x00000000        0x8 commandprotocol.o
 .group         0x00000000        0x8 commandprotocol.o
 .group         0x00000000        0x8 commandprotocol.o
 .group         0x00000000        0x8 commandprotocol.o
 .group         0x00000000        0x8 commandprotocol.o
 .group         0x00000000        0x8 commandprotocol.o
 .group         0x00000000        0x8 commandprotocol.o
 .text          0x00000000        0x0 commandprotocol.o
 .data          0x00000000        0x0 commandprotocol.o
 .bss           0x00000000        0x0 commandprotocol.o
 .text.isMyAddress
                0x00000000       0x10 commandprotocol.o
 .text.isGlobalAddress
                0x00000000        0xc commandprotocol.o
 .debug_macro   0x00000000      0xa4e commandprotocol.o
 .debug_macro   0x00000000       0x10 commandprotocol.o
 .debug_macro   0x00000000      0x1c9 commandprotocol.o
 .debug_macro   0x00000000      0x2fc commandprotocol.o
 .debug_macro   0x00000000       0x9e commandprotocol.o
 .debug_macro   0x00000000     0x1410 commandprotocol.o
 .debug_macro   0x00000000      0x13a commandprotocol.o
 .debug_macro   0x00000000       0xbd commandprotocol.o
 .debug_macro   0x00000000       0x34 commandprotocol.o
 .debug_macro   0x00000000       0x18 commandprotocol.o
 .debug_macro   0x00000000       0x6c commandprotocol.o
 .debug_macro   0x00000000       0x97 commandprotocol.o
 .debug_macro   0x00000000       0x16 commandprotocol.o
 .debug_macro   0x00000000       0x16 commandprotocol.o
 .debug_macro   0x00000000       0x6a commandprotocol.o
 .debug_macro   0x00000000       0x4c commandprotocol.o
 .debug_macro   0x00000000       0x1c commandprotocol.o
 .group         0x00000000        0x8 main.o
 .group         0x00000000        0x8 main.o
 .group         0x00000000        0x8 main.o
 .group         0x00000000        0x8 main.o
 .group         0x00000000        0x8 main.o
 .group         0x00000000        0x8 main.o
 .group         0x00000000        0x8 main.o
 .group         0x00000000        0x8 main.o
 .group         0x00000000        0x8 main.o
 .group         0x00000000        0x8 main.o
 .group         0x00000000        0x8 main.o
 .group         0x00000000        0x8 main.o
 .group         0x00000000        0x8 main.o
 .group         0x00000000        0x8 main.o
 .group         0x00000000        0x8 main.o
 .group         0x00000000        0x8 main.o
 .group         0x00000000        0x8 main.o
 .group         0x00000000        0x8 main.o
 .group         0x00000000        0x8 main.o
 .group         0x00000000        0x8 main.o
 .group         0x00000000        0x8 main.o
 .group         0x00000000        0x8 main.o
 .group         0x00000000        0x8 main.o
 .group         0x00000000        0x8 main.o
 .group         0x00000000        0x8 main.o
 .group         0x00000000        0x8 main.o
 .group         0x00000000        0x8 main.o
 .group         0x00000000        0x8 main.o
 .group         0x00000000        0x8 main.o
 .group         0x00000000        0x8 main.o
 .group         0x00000000        0x8 main.o
 .group         0x00000000        0x8 main.o
 .group         0x00000000        0x8 main.o
 .text          0x00000000        0x0 main.o
 .data          0x00000000        0x0 main.o
 .bss           0x00000000        0x0 main.o
 .text.setVolatileString
                0x00000000        0xa main.o
 .text.getVolatileString
                0x00000000        0x6 main.o
 .text.loopRefreshingDisplay
                0x00000000      0x232 main.o
 .progmem.data.block4
                0x00000000      0xa52 main.o
 .progmem.data.block3
                0x00000000      0xa52 main.o
 .progmem.data.block2
                0x00000000      0xa52 main.o
 .progmem.data.block1
                0x00000000      0xa52 main.o
 .debug_macro   0x00000000      0xa4e main.o
 .debug_macro   0x00000000      0x1c9 main.o
 .debug_macro   0x00000000       0x58 main.o
 .debug_macro   0x00000000       0x10 main.o
 .debug_macro   0x00000000       0x97 main.o
 .debug_macro   0x00000000       0xf2 main.o
 .debug_macro   0x00000000       0x16 main.o
 .debug_macro   0x00000000       0x20 main.o
 .debug_macro   0x00000000       0x16 main.o
 .debug_macro   0x00000000     0x1410 main.o
 .debug_macro   0x00000000      0x13a main.o
 .debug_macro   0x00000000       0xbd main.o
 .debug_macro   0x00000000       0x34 main.o
 .debug_macro   0x00000000       0x18 main.o
 .debug_macro   0x00000000       0x6c main.o
 .debug_macro   0x00000000       0x10 main.o
 .debug_macro   0x00000000       0xe2 main.o
 .debug_macro   0x00000000       0x4c main.o
 .debug_macro   0x00000000       0x1c main.o
 .debug_macro   0x00000000       0x92 main.o
 .debug_macro   0x00000000       0x1c main.o
 .debug_macro   0x00000000       0x10 main.o
 .debug_macro   0x00000000      0x160 main.o
 .text          0x00000000       0x92 output_grb.o
 .data          0x00000000        0x0 output_grb.o
 .bss           0x00000000        0x0 output_grb.o
 .debug_line    0x00000000      0x1ef output_grb.o
 .debug_info    0x00000000       0x94 output_grb.o
 .debug_abbrev  0x00000000       0x14 output_grb.o
 .debug_aranges
                0x00000000       0x20 output_grb.o
 .text          0x00000000       0xa6 output_grb3.o
 .data          0x00000000        0x0 output_grb3.o
 .bss           0x00000000        0x0 output_grb3.o
 .debug_line    0x00000000      0x22c output_grb3.o
 .debug_info    0x00000000       0x95 output_grb3.o
 .debug_abbrev  0x00000000       0x14 output_grb3.o
 .debug_aranges
                0x00000000       0x20 output_grb3.o
 .text          0x00000000       0xa6 output_grb4.o
 .data          0x00000000        0x0 output_grb4.o
 .bss           0x00000000        0x0 output_grb4.o
 .debug_line    0x00000000      0x22c output_grb4.o
 .debug_info    0x00000000       0x95 output_grb4.o
 .debug_abbrev  0x00000000       0x14 output_grb4.o
 .debug_aranges
                0x00000000       0x20 output_grb4.o
 .group         0x00000000        0x8 rprintf.o
 .group         0x00000000        0x8 rprintf.o
 .group         0x00000000        0x8 rprintf.o
 .group         0x00000000        0x8 rprintf.o
 .group         0x00000000        0x8 rprintf.o
 .group         0x00000000        0x8 rprintf.o
 .group         0x00000000        0x8 rprintf.o
 .group         0x00000000        0x8 rprintf.o
 .group         0x00000000        0x8 rprintf.o
 .group         0x00000000        0x8 rprintf.o
 .group         0x00000000        0x8 rprintf.o
 .group         0x00000000        0x8 rprintf.o
 .group         0x00000000        0x8 rprintf.o
 .group         0x00000000        0x8 rprintf.o
 .group         0x00000000        0x8 rprintf.o
 .group         0x00000000        0x8 rprintf.o
 .group         0x00000000        0x8 rprintf.o
 .group         0x00000000        0x8 rprintf.o
 .text          0x00000000        0x0 rprintf.o
 .data          0x00000000        0x0 rprintf.o
 .bss           0x00000000        0x0 rprintf.o
 .text.rprintfInit
                0x00000000        0xa rprintf.o
 .text.rprintfChar
                0x00000000       0x30 rprintf.o
 .text.rprintfStr
                0x00000000       0x4a rprintf.o
 .text.rprintfStrLen
                0x00000000       0x98 rprintf.o
 .text.rprintfProgStr
                0x00000000       0x4c rprintf.o
 .text.rprintfCRLF
                0x00000000       0x18 rprintf.o
 .text.rprintfu04
                0x00000000       0x3a rprintf.o
 .text.rprintfu08
                0x00000000       0x6e rprintf.o
 .text.rprintfu16
                0x00000000       0xbc rprintf.o
 .text.rprintfu32
                0x00000000      0x1a4 rprintf.o
 .text.rprintfNum
                0x00000000      0x17c rprintf.o
 .text.rprintf1RamRom
                0x00000000      0x1da rprintf.o
 .bss.rputchar  0x00000000        0x2 rprintf.o
 .progmem.data.HexChars
                0x00000000       0x11 rprintf.o
 .debug_info    0x00000000      0xea8 rprintf.o
 .debug_abbrev  0x00000000      0x2ca rprintf.o
 .debug_loc     0x00000000     0x1922 rprintf.o
 .debug_aranges
                0x00000000       0x78 rprintf.o
 .debug_ranges  0x00000000      0x540 rprintf.o
 .debug_macro   0x00000000       0xde rprintf.o
 .debug_macro   0x00000000      0xa4e rprintf.o
 .debug_macro   0x00000000       0x10 rprintf.o
 .debug_macro   0x00000000      0x1c9 rprintf.o
 .debug_macro   0x00000000      0x2fc rprintf.o
 .debug_macro   0x00000000       0x89 rprintf.o
 .debug_macro   0x00000000       0xaa rprintf.o
 .debug_macro   0x00000000     0x1410 rprintf.o
 .debug_macro   0x00000000      0x13a rprintf.o
 .debug_macro   0x00000000       0xbd rprintf.o
 .debug_macro   0x00000000       0x34 rprintf.o
 .debug_macro   0x00000000       0x18 rprintf.o
 .debug_macro   0x00000000       0x6c rprintf.o
 .debug_macro   0x00000000       0xee rprintf.o
 .debug_macro   0x00000000       0x58 rprintf.o
 .debug_macro   0x00000000       0x6a rprintf.o
 .debug_macro   0x00000000       0x4c rprintf.o
 .debug_macro   0x00000000       0x1c rprintf.o
 .debug_macro   0x00000000       0x37 rprintf.o
 .debug_line    0x00000000      0x7bf rprintf.o
 .debug_str     0x00000000     0x823f rprintf.o
 .comment       0x00000000       0x31 rprintf.o
 .debug_frame   0x00000000      0x228 rprintf.o
 .group         0x00000000        0x8 uartchris.o
 .group         0x00000000        0x8 uartchris.o
 .group         0x00000000        0x8 uartchris.o
 .group         0x00000000        0x8 uartchris.o
 .group         0x00000000        0x8 uartchris.o
 .group         0x00000000        0x8 uartchris.o
 .group         0x00000000        0x8 uartchris.o
 .group         0x00000000        0x8 uartchris.o
 .group         0x00000000        0x8 uartchris.o
 .group         0x00000000        0x8 uartchris.o
 .group         0x00000000        0x8 uartchris.o
 .group         0x00000000        0x8 uartchris.o
 .group         0x00000000        0x8 uartchris.o
 .group         0x00000000        0x8 uartchris.o
 .group         0x00000000        0x8 uartchris.o
 .group         0x00000000        0x8 uartchris.o
 .group         0x00000000        0x8 uartchris.o
 .group         0x00000000        0x8 uartchris.o
 .text          0x00000000        0x0 uartchris.o
 .data          0x00000000        0x0 uartchris.o
 .bss           0x00000000        0x0 uartchris.o
 .text.uartInitBuffers
                0x00000000       0x20 uartchris.o
 .text.uartSetBaudRate
                0x00000000       0x6a uartchris.o
 .text.uartGetTxBuffer
                0x00000000        0x6 uartchris.o
 .text.uartGetByte
                0x00000000       0x2a uartchris.o
 .text.uartReceiveByte
                0x00000000       0x38 uartchris.o
 .text.uartFlushReceiveBuffer
                0x00000000        0xa uartchris.o
 .text.uartReceiveBufferIsEmpty
                0x00000000       0x14 uartchris.o
 .text.uartAddToTxBuffer
                0x00000000        0xa uartchris.o
 .text.uartSendTxBuffer
                0x00000000       0x28 uartchris.o
 .debug_macro   0x00000000      0xa4e uartchris.o
 .debug_macro   0x00000000       0x10 uartchris.o
 .debug_macro   0x00000000      0x1c9 uartchris.o
 .debug_macro   0x00000000      0x2fc uartchris.o
 .debug_macro   0x00000000       0x9e uartchris.o
 .debug_macro   0x00000000     0x1410 uartchris.o
 .debug_macro   0x00000000      0x13a uartchris.o
 .debug_macro   0x00000000       0xbd uartchris.o
 .debug_macro   0x00000000       0x34 uartchris.o
 .debug_macro   0x00000000       0x18 uartchris.o
 .debug_macro   0x00000000       0x6c uartchris.o
 .debug_macro   0x00000000       0x69 uartchris.o
 .debug_macro   0x00000000       0x5e uartchris.o
 .debug_macro   0x00000000       0x4c uartchris.o
 .debug_macro   0x00000000       0x1c uartchris.o
 .debug_macro   0x00000000       0x92 uartchris.o
 .debug_macro   0x00000000       0x10 uartchris.o
 .group         0x00000000        0x8 WS2812.o
 .group         0x00000000        0x8 WS2812.o
 .group         0x00000000        0x8 WS2812.o
 .group         0x00000000        0x8 WS2812.o
 .group         0x00000000        0x8 WS2812.o
 .group         0x00000000        0x8 WS2812.o
 .text          0x00000000        0x0 WS2812.o
 .data          0x00000000        0x0 WS2812.o
 .bss           0x00000000        0x0 WS2812.o
 .text.set_color
                0x00000000       0x1e WS2812.o
 .debug_info    0x00000000      0x11c WS2812.o
 .debug_abbrev  0x00000000       0xb3 WS2812.o
 .debug_loc     0x00000000       0x84 WS2812.o
 .debug_aranges
                0x00000000       0x20 WS2812.o
 .debug_ranges  0x00000000       0x10 WS2812.o
 .debug_macro   0x00000000       0x4e WS2812.o
 .debug_macro   0x00000000      0xa4e WS2812.o
 .debug_macro   0x00000000      0x1c9 WS2812.o
 .debug_macro   0x00000000       0x6a WS2812.o
 .debug_macro   0x00000000       0x4c WS2812.o
 .debug_macro   0x00000000       0x1c WS2812.o
 .debug_macro   0x00000000       0x22 WS2812.o
 .debug_line    0x00000000      0x162 WS2812.o
 .debug_str     0x00000000     0x35d4 WS2812.o
 .comment       0x00000000       0x31 WS2812.o
 .debug_frame   0x00000000       0x2c WS2812.o
 .text          0x00000000        0x0 c:/program files (x86)/atmel/studio/7.0/toolchain/avr8/avr8-gnu-toolchain/bin/../lib/gcc/avr/5.4.0/avr5\libgcc.a(_udivmodhi4.o)
 .data          0x00000000        0x0 c:/program files (x86)/atmel/studio/7.0/toolchain/avr8/avr8-gnu-toolchain/bin/../lib/gcc/avr/5.4.0/avr5\libgcc.a(_udivmodhi4.o)
 .bss           0x00000000        0x0 c:/program files (x86)/atmel/studio/7.0/toolchain/avr8/avr8-gnu-toolchain/bin/../lib/gcc/avr/5.4.0/avr5\libgcc.a(_udivmodhi4.o)
 .text.libgcc.mul
                0x00000000        0x0 c:/program files (x86)/atmel/studio/7.0/toolchain/avr8/avr8-gnu-toolchain/bin/../lib/gcc/avr/5.4.0/avr5\libgcc.a(_udivmodhi4.o)
 .text.libgcc   0x00000000        0x0 c:/program files (x86)/atmel/studio/7.0/toolchain/avr8/avr8-gnu-toolchain/bin/../lib/gcc/avr/5.4.0/avr5\libgcc.a(_udivmodhi4.o)
 .text.libgcc.prologue
                0x00000000        0x0 c:/program files (x86)/atmel/studio/7.0/toolchain/avr8/avr8-gnu-toolchain/bin/../lib/gcc/avr/5.4.0/avr5\libgcc.a(_udivmodhi4.o)
 .text.libgcc.builtins
                0x00000000        0x0 c:/program files (x86)/atmel/studio/7.0/toolchain/avr8/avr8-gnu-toolchain/bin/../lib/gcc/avr/5.4.0/avr5\libgcc.a(_udivmodhi4.o)
 .text.libgcc.fmul
                0x00000000        0x0 c:/program files (x86)/atmel/studio/7.0/toolchain/avr8/avr8-gnu-toolchain/bin/../lib/gcc/avr/5.4.0/avr5\libgcc.a(_udivmodhi4.o)
 .text.libgcc.fixed
                0x00000000        0x0 c:/program files (x86)/atmel/studio/7.0/toolchain/avr8/avr8-gnu-toolchain/bin/../lib/gcc/avr/5.4.0/avr5\libgcc.a(_udivmodhi4.o)
 .text          0x00000000        0x0 c:/program files (x86)/atmel/studio/7.0/toolchain/avr8/avr8-gnu-toolchain/bin/../lib/gcc/avr/5.4.0/avr5\libgcc.a(_udivmodsi4.o)
 .data          0x00000000        0x0 c:/program files (x86)/atmel/studio/7.0/toolchain/avr8/avr8-gnu-toolchain/bin/../lib/gcc/avr/5.4.0/avr5\libgcc.a(_udivmodsi4.o)
 .bss           0x00000000        0x0 c:/program files (x86)/atmel/studio/7.0/toolchain/avr8/avr8-gnu-toolchain/bin/../lib/gcc/avr/5.4.0/avr5\libgcc.a(_udivmodsi4.o)
 .text.libgcc.mul
                0x00000000        0x0 c:/program files (x86)/atmel/studio/7.0/toolchain/avr8/avr8-gnu-toolchain/bin/../lib/gcc/avr/5.4.0/avr5\libgcc.a(_udivmodsi4.o)
 .text.libgcc.div
                0x00000000       0x44 c:/program files (x86)/atmel/studio/7.0/toolchain/avr8/avr8-gnu-toolchain/bin/../lib/gcc/avr/5.4.0/avr5\libgcc.a(_udivmodsi4.o)
 .text.libgcc   0x00000000        0x0 c:/program files (x86)/atmel/studio/7.0/toolchain/avr8/avr8-gnu-toolchain/bin/../lib/gcc/avr/5.4.0/avr5\libgcc.a(_udivmodsi4.o)
 .text.libgcc.prologue
                0x00000000        0x0 c:/program files (x86)/atmel/studio/7.0/toolchain/avr8/avr8-gnu-toolchain/bin/../lib/gcc/avr/5.4.0/avr5\libgcc.a(_udivmodsi4.o)
 .text.libgcc.builtins
                0x00000000        0x0 c:/program files (x86)/atmel/studio/7.0/toolchain/avr8/avr8-gnu-toolchain/bin/../lib/gcc/avr/5.4.0/avr5\libgcc.a(_udivmodsi4.o)
 .text.libgcc.fmul
                0x00000000        0x0 c:/program files (x86)/atmel/studio/7.0/toolchain/avr8/avr8-gnu-toolchain/bin/../lib/gcc/avr/5.4.0/avr5\libgcc.a(_udivmodsi4.o)
 .text.libgcc.fixed
                0x00000000        0x0 c:/program files (x86)/atmel/studio/7.0/toolchain/avr8/avr8-gnu-toolchain/bin/../lib/gcc/avr/5.4.0/avr5\libgcc.a(_udivmodsi4.o)
 .text          0x00000000        0x0 c:/program files (x86)/atmel/studio/7.0/toolchain/avr8/avr8-gnu-toolchain/bin/../lib/gcc/avr/5.4.0/avr5\libgcc.a(_exit.o)
 .data          0x00000000        0x0 c:/program files (x86)/atmel/studio/7.0/toolchain/avr8/avr8-gnu-toolchain/bin/../lib/gcc/avr/5.4.0/avr5\libgcc.a(_exit.o)
 .bss           0x00000000        0x0 c:/program files (x86)/atmel/studio/7.0/toolchain/avr8/avr8-gnu-toolchain/bin/../lib/gcc/avr/5.4.0/avr5\libgcc.a(_exit.o)
 .text.libgcc.mul
                0x00000000        0x0 c:/program files (x86)/atmel/studio/7.0/toolchain/avr8/avr8-gnu-toolchain/bin/../lib/gcc/avr/5.4.0/avr5\libgcc.a(_exit.o)
 .text.libgcc.div
                0x00000000        0x0 c:/program files (x86)/atmel/studio/7.0/toolchain/avr8/avr8-gnu-toolchain/bin/../lib/gcc/avr/5.4.0/avr5\libgcc.a(_exit.o)
 .text.libgcc   0x00000000        0x0 c:/program files (x86)/atmel/studio/7.0/toolchain/avr8/avr8-gnu-toolchain/bin/../lib/gcc/avr/5.4.0/avr5\libgcc.a(_exit.o)
 .text.libgcc.prologue
                0x00000000        0x0 c:/program files (x86)/atmel/studio/7.0/toolchain/avr8/avr8-gnu-toolchain/bin/../lib/gcc/avr/5.4.0/avr5\libgcc.a(_exit.o)
 .text.libgcc.builtins
                0x00000000        0x0 c:/program files (x86)/atmel/studio/7.0/toolchain/avr8/avr8-gnu-toolchain/bin/../lib/gcc/avr/5.4.0/avr5\libgcc.a(_exit.o)
 .text.libgcc.fmul
                0x00000000        0x0 c:/program files (x86)/atmel/studio/7.0/toolchain/avr8/avr8-gnu-toolchain/bin/../lib/gcc/avr/5.4.0/avr5\libgcc.a(_exit.o)
 .text.libgcc.fixed
                0x00000000        0x0 c:/program files (x86)/atmel/studio/7.0/toolchain/avr8/avr8-gnu-toolchain/bin/../lib/gcc/avr/5.4.0/avr5\libgcc.a(_exit.o)
 .text          0x00000000        0x0 c:/program files (x86)/atmel/studio/7.0/toolchain/avr8/avr8-gnu-toolchain/bin/../lib/gcc/avr/5.4.0/avr5\libgcc.a(_clear_bss.o)
 .data          0x00000000        0x0 c:/program files (x86)/atmel/studio/7.0/toolchain/avr8/avr8-gnu-toolchain/bin/../lib/gcc/avr/5.4.0/avr5\libgcc.a(_clear_bss.o)
 .bss           0x00000000        0x0 c:/program files (x86)/atmel/studio/7.0/toolchain/avr8/avr8-gnu-toolchain/bin/../lib/gcc/avr/5.4.0/avr5\libgcc.a(_clear_bss.o)
 .text.libgcc.mul
                0x00000000        0x0 c:/program files (x86)/atmel/studio/7.0/toolchain/avr8/avr8-gnu-toolchain/bin/../lib/gcc/avr/5.4.0/avr5\libgcc.a(_clear_bss.o)
 .text.libgcc.div
                0x00000000        0x0 c:/program files (x86)/atmel/studio/7.0/toolchain/avr8/avr8-gnu-toolchain/bin/../lib/gcc/avr/5.4.0/avr5\libgcc.a(_clear_bss.o)
 .text.libgcc   0x00000000        0x0 c:/program files (x86)/atmel/studio/7.0/toolchain/avr8/avr8-gnu-toolchain/bin/../lib/gcc/avr/5.4.0/avr5\libgcc.a(_clear_bss.o)
 .text.libgcc.prologue
                0x00000000        0x0 c:/program files (x86)/atmel/studio/7.0/toolchain/avr8/avr8-gnu-toolchain/bin/../lib/gcc/avr/5.4.0/avr5\libgcc.a(_clear_bss.o)
 .text.libgcc.builtins
                0x00000000        0x0 c:/program files (x86)/atmel/studio/7.0/toolchain/avr8/avr8-gnu-toolchain/bin/../lib/gcc/avr/5.4.0/avr5\libgcc.a(_clear_bss.o)
 .text.libgcc.fmul
                0x00000000        0x0 c:/program files (x86)/atmel/studio/7.0/toolchain/avr8/avr8-gnu-toolchain/bin/../lib/gcc/avr/5.4.0/avr5\libgcc.a(_clear_bss.o)
 .text.libgcc.fixed
                0x00000000        0x0 c:/program files (x86)/atmel/studio/7.0/toolchain/avr8/avr8-gnu-toolchain/bin/../lib/gcc/avr/5.4.0/avr5\libgcc.a(_clear_bss.o)
 .text          0x00000000        0x0 c:/program files (x86)/atmel/studio/7.0/toolchain/avr8/avr8-gnu-toolchain/bin/../lib/gcc/avr/5.4.0/../../../../avr/lib/avr5\libc.a(atoi.o)
 .data          0x00000000        0x0 c:/program files (x86)/atmel/studio/7.0/toolchain/avr8/avr8-gnu-toolchain/bin/../lib/gcc/avr/5.4.0/../../../../avr/lib/avr5\libc.a(atoi.o)
 .bss           0x00000000        0x0 c:/program files (x86)/atmel/studio/7.0/toolchain/avr8/avr8-gnu-toolchain/bin/../lib/gcc/avr/5.4.0/../../../../avr/lib/avr5\libc.a(atoi.o)
 .text          0x00000000        0x0 c:/program files (x86)/atmel/studio/7.0/toolchain/avr8/avr8-gnu-toolchain/bin/../lib/gcc/avr/5.4.0/../../../../avr/lib/avr5\libc.a(memset.o)
 .data          0x00000000        0x0 c:/program files (x86)/atmel/studio/7.0/toolchain/avr8/avr8-gnu-toolchain/bin/../lib/gcc/avr/5.4.0/../../../../avr/lib/avr5\libc.a(memset.o)
 .bss           0x00000000        0x0 c:/program files (x86)/atmel/studio/7.0/toolchain/avr8/avr8-gnu-toolchain/bin/../lib/gcc/avr/5.4.0/../../../../avr/lib/avr5\libc.a(memset.o)
 .text          0x00000000        0x0 c:/program files (x86)/atmel/studio/7.0/toolchain/avr8/avr8-gnu-toolchain/bin/../lib/gcc/avr/5.4.0/../../../../avr/lib/avr5\libc.a(strcpy.o)
 .data          0x00000000        0x0 c:/program files (x86)/atmel/studio/7.0/toolchain/avr8/avr8-gnu-toolchain/bin/../lib/gcc/avr/5.4.0/../../../../avr/lib/avr5\libc.a(strcpy.o)
 .bss           0x00000000        0x0 c:/program files (x86)/atmel/studio/7.0/toolchain/avr8/avr8-gnu-toolchain/bin/../lib/gcc/avr/5.4.0/../../../../avr/lib/avr5\libc.a(strcpy.o)
 .text          0x00000000        0x0 c:/program files (x86)/atmel/studio/7.0/toolchain/avr8/avr8-gnu-toolchain/bin/../lib/gcc/avr/5.4.0/../../../../avr/lib/avr5\libc.a(mul10.o)
 .data          0x00000000        0x0 c:/program files (x86)/atmel/studio/7.0/toolchain/avr8/avr8-gnu-toolchain/bin/../lib/gcc/avr/5.4.0/../../../../avr/lib/avr5\libc.a(mul10.o)
 .bss           0x00000000        0x0 c:/program files (x86)/atmel/studio/7.0/toolchain/avr8/avr8-gnu-toolchain/bin/../lib/gcc/avr/5.4.0/../../../../avr/lib/avr5\libc.a(mul10.o)
 .text          0x00000000        0x0 c:/program files (x86)/atmel/studio/7.0/toolchain/avr8/avr8-gnu-toolchain/bin/../lib/gcc/avr/5.4.0/../../../../avr/lib/avr5\libc.a(sprintf_p.o)
 .data          0x00000000        0x0 c:/program files (x86)/atmel/studio/7.0/toolchain/avr8/avr8-gnu-toolchain/bin/../lib/gcc/avr/5.4.0/../../../../avr/lib/avr5\libc.a(sprintf_p.o)
 .bss           0x00000000        0x0 c:/program files (x86)/atmel/studio/7.0/toolchain/avr8/avr8-gnu-toolchain/bin/../lib/gcc/avr/5.4.0/../../../../avr/lib/avr5\libc.a(sprintf_p.o)
 .text          0x00000000        0x0 c:/program files (x86)/atmel/studio/7.0/toolchain/avr8/avr8-gnu-toolchain/bin/../lib/gcc/avr/5.4.0/../../../../avr/lib/avr5\libc.a(vfprintf_std.o)
 .data          0x00000000        0x0 c:/program files (x86)/atmel/studio/7.0/toolchain/avr8/avr8-gnu-toolchain/bin/../lib/gcc/avr/5.4.0/../../../../avr/lib/avr5\libc.a(vfprintf_std.o)
 .bss           0x00000000        0x0 c:/program files (x86)/atmel/studio/7.0/toolchain/avr8/avr8-gnu-toolchain/bin/../lib/gcc/avr/5.4.0/../../../../avr/lib/avr5\libc.a(vfprintf_std.o)
 .text          0x00000000        0x0 c:/program files (x86)/atmel/studio/7.0/toolchain/avr8/avr8-gnu-toolchain/bin/../lib/gcc/avr/5.4.0/../../../../avr/lib/avr5\libc.a(strnlen_P.o)
 .data          0x00000000        0x0 c:/program files (x86)/atmel/studio/7.0/toolchain/avr8/avr8-gnu-toolchain/bin/../lib/gcc/avr/5.4.0/../../../../avr/lib/avr5\libc.a(strnlen_P.o)
 .bss           0x00000000        0x0 c:/program files (x86)/atmel/studio/7.0/toolchain/avr8/avr8-gnu-toolchain/bin/../lib/gcc/avr/5.4.0/../../../../avr/lib/avr5\libc.a(strnlen_P.o)
 .text          0x00000000        0x0 c:/program files (x86)/atmel/studio/7.0/toolchain/avr8/avr8-gnu-toolchain/bin/../lib/gcc/avr/5.4.0/../../../../avr/lib/avr5\libc.a(strnlen.o)
 .data          0x00000000        0x0 c:/program files (x86)/atmel/studio/7.0/toolchain/avr8/avr8-gnu-toolchain/bin/../lib/gcc/avr/5.4.0/../../../../avr/lib/avr5\libc.a(strnlen.o)
 .bss           0x00000000        0x0 c:/program files (x86)/atmel/studio/7.0/toolchain/avr8/avr8-gnu-toolchain/bin/../lib/gcc/avr/5.4.0/../../../../avr/lib/avr5\libc.a(strnlen.o)
 .text          0x00000000        0x0 c:/program files (x86)/atmel/studio/7.0/toolchain/avr8/avr8-gnu-toolchain/bin/../lib/gcc/avr/5.4.0/../../../../avr/lib/avr5\libc.a(fputc.o)
 .data          0x00000000        0x0 c:/program files (x86)/atmel/studio/7.0/toolchain/avr8/avr8-gnu-toolchain/bin/../lib/gcc/avr/5.4.0/../../../../avr/lib/avr5\libc.a(fputc.o)
 .bss           0x00000000        0x0 c:/program files (x86)/atmel/studio/7.0/toolchain/avr8/avr8-gnu-toolchain/bin/../lib/gcc/avr/5.4.0/../../../../avr/lib/avr5\libc.a(fputc.o)
 .text          0x00000000        0x0 c:/program files (x86)/atmel/studio/7.0/toolchain/avr8/avr8-gnu-toolchain/bin/../lib/gcc/avr/5.4.0/../../../../avr/lib/avr5\libc.a(ultoa_invert.o)
 .data          0x00000000        0x0 c:/program files (x86)/atmel/studio/7.0/toolchain/avr8/avr8-gnu-toolchain/bin/../lib/gcc/avr/5.4.0/../../../../avr/lib/avr5\libc.a(ultoa_invert.o)
 .bss           0x00000000        0x0 c:/program files (x86)/atmel/studio/7.0/toolchain/avr8/avr8-gnu-toolchain/bin/../lib/gcc/avr/5.4.0/../../../../avr/lib/avr5\libc.a(ultoa_invert.o)
 .text          0x00000000        0x0 C:/Program Files (x86)/Atmel/Studio/7.0/Packs/atmel/ATmega_DFP/1.2.150/gcc/dev/atmega328p/avr5\libatmega328p.a(eerd_byte.o)
 .data          0x00000000        0x0 C:/Program Files (x86)/Atmel/Studio/7.0/Packs/atmel/ATmega_DFP/1.2.150/gcc/dev/atmega328p/avr5\libatmega328p.a(eerd_byte.o)
 .bss           0x00000000        0x0 C:/Program Files (x86)/Atmel/Studio/7.0/Packs/atmel/ATmega_DFP/1.2.150/gcc/dev/atmega328p/avr5\libatmega328p.a(eerd_byte.o)
 .text          0x00000000        0x0 C:/Program Files (x86)/Atmel/Studio/7.0/Packs/atmel/ATmega_DFP/1.2.150/gcc/dev/atmega328p/avr5\libatmega328p.a(eewr_byte.o)
 .data          0x00000000        0x0 C:/Program Files (x86)/Atmel/Studio/7.0/Packs/atmel/ATmega_DFP/1.2.150/gcc/dev/atmega328p/avr5\libatmega328p.a(eewr_byte.o)
 .bss           0x00000000        0x0 C:/Program Files (x86)/Atmel/Studio/7.0/Packs/atmel/ATmega_DFP/1.2.150/gcc/dev/atmega328p/avr5\libatmega328p.a(eewr_byte.o)
 .text          0x00000000        0x0 c:/program files (x86)/atmel/studio/7.0/toolchain/avr8/avr8-gnu-toolchain/bin/../lib/gcc/avr/5.4.0/avr5\libgcc.a(_prologue.o)
 .data          0x00000000        0x0 c:/program files (x86)/atmel/studio/7.0/toolchain/avr8/avr8-gnu-toolchain/bin/../lib/gcc/avr/5.4.0/avr5\libgcc.a(_prologue.o)
 .bss           0x00000000        0x0 c:/program files (x86)/atmel/studio/7.0/toolchain/avr8/avr8-gnu-toolchain/bin/../lib/gcc/avr/5.4.0/avr5\libgcc.a(_prologue.o)
 .text.libgcc.mul
                0x00000000        0x0 c:/program files (x86)/atmel/studio/7.0/toolchain/avr8/avr8-gnu-toolchain/bin/../lib/gcc/avr/5.4.0/avr5\libgcc.a(_prologue.o)
 .text.libgcc.div
                0x00000000        0x0 c:/program files (x86)/atmel/studio/7.0/toolchain/avr8/avr8-gnu-toolchain/bin/../lib/gcc/avr/5.4.0/avr5\libgcc.a(_prologue.o)
 .text.libgcc   0x00000000        0x0 c:/program files (x86)/atmel/studio/7.0/toolchain/avr8/avr8-gnu-toolchain/bin/../lib/gcc/avr/5.4.0/avr5\libgcc.a(_prologue.o)
 .text.libgcc.builtins
                0x00000000        0x0 c:/program files (x86)/atmel/studio/7.0/toolchain/avr8/avr8-gnu-toolchain/bin/../lib/gcc/avr/5.4.0/avr5\libgcc.a(_prologue.o)
 .text.libgcc.fmul
                0x00000000        0x0 c:/program files (x86)/atmel/studio/7.0/toolchain/avr8/avr8-gnu-toolchain/bin/../lib/gcc/avr/5.4.0/avr5\libgcc.a(_prologue.o)
 .text.libgcc.fixed
                0x00000000        0x0 c:/program files (x86)/atmel/studio/7.0/toolchain/avr8/avr8-gnu-toolchain/bin/../lib/gcc/avr/5.4.0/avr5\libgcc.a(_prologue.o)
 .text          0x00000000        0x0 c:/program files (x86)/atmel/studio/7.0/toolchain/avr8/avr8-gnu-toolchain/bin/../lib/gcc/avr/5.4.0/avr5\libgcc.a(_epilogue.o)
 .data          0x00000000        0x0 c:/program files (x86)/atmel/studio/7.0/toolchain/avr8/avr8-gnu-toolchain/bin/../lib/gcc/avr/5.4.0/avr5\libgcc.a(_epilogue.o)
 .bss           0x00000000        0x0 c:/program files (x86)/atmel/studio/7.0/toolchain/avr8/avr8-gnu-toolchain/bin/../lib/gcc/avr/5.4.0/avr5\libgcc.a(_epilogue.o)
 .text.libgcc.mul
                0x00000000        0x0 c:/program files (x86)/atmel/studio/7.0/toolchain/avr8/avr8-gnu-toolchain/bin/../lib/gcc/avr/5.4.0/avr5\libgcc.a(_epilogue.o)
 .text.libgcc.div
                0x00000000        0x0 c:/program files (x86)/atmel/studio/7.0/toolchain/avr8/avr8-gnu-toolchain/bin/../lib/gcc/avr/5.4.0/avr5\libgcc.a(_epilogue.o)
 .text.libgcc   0x00000000        0x0 c:/program files (x86)/atmel/studio/7.0/toolchain/avr8/avr8-gnu-toolchain/bin/../lib/gcc/avr/5.4.0/avr5\libgcc.a(_epilogue.o)
 .text.libgcc.builtins
                0x00000000        0x0 c:/program files (x86)/atmel/studio/7.0/toolchain/avr8/avr8-gnu-toolchain/bin/../lib/gcc/avr/5.4.0/avr5\libgcc.a(_epilogue.o)
 .text.libgcc.fmul
                0x00000000        0x0 c:/program files (x86)/atmel/studio/7.0/toolchain/avr8/avr8-gnu-toolchain/bin/../lib/gcc/avr/5.4.0/avr5\libgcc.a(_epilogue.o)
 .text.libgcc.fixed
                0x00000000        0x0 c:/program files (x86)/atmel/studio/7.0/toolchain/avr8/avr8-gnu-toolchain/bin/../lib/gcc/avr/5.4.0/avr5\libgcc.a(_epilogue.o)

Memory Configuration

Name             Origin             Length             Attributes
text             0x00000000         0x00020000         xr
data             0x00800060         0x0000ffa0         rw !x
eeprom           0x00810000         0x00010000         rw !x
fuse             0x00820000         0x00000003         rw !x
lock             0x00830000         0x00000400         rw !x
signature        0x00840000         0x00000400         rw !x
user_signatures  0x00850000         0x00000400         rw !x
*default*        0x00000000         0xffffffff

Linker script and memory map

Address of section .data set to 0x800100
LOAD C:/Program Files (x86)/Atmel/Studio/7.0/Packs/atmel/ATmega_DFP/1.2.150/gcc/dev/atmega328p/avr5/crtatmega328p.o
LOAD bufferchris.o
LOAD commandprotocol.o
LOAD main.o
LOAD output_grb.o
LOAD output_grb3.o
LOAD output_grb4.o
LOAD rprintf.o
LOAD uartchris.o
LOAD WS2812.o
START GROUP
LOAD c:/program files (x86)/atmel/studio/7.0/toolchain/avr8/avr8-gnu-toolchain/bin/../lib/gcc/avr/5.4.0/../../../../avr/lib/avr5\libm.a
END GROUP
LOAD c:/program files (x86)/atmel/studio/7.0/toolchain/avr8/avr8-gnu-toolchain/bin/../lib/gcc/avr/5.4.0/avr5\libgcc.a
LOAD c:/program files (x86)/atmel/studio/7.0/toolchain/avr8/avr8-gnu-toolchain/bin/../lib/gcc/avr/5.4.0/../../../../avr/lib/avr5\libm.a
START GROUP
LOAD c:/program files (x86)/atmel/studio/7.0/toolchain/avr8/avr8-gnu-toolchain/bin/../lib/gcc/avr/5.4.0/avr5\libgcc.a
LOAD c:/program files (x86)/atmel/studio/7.0/toolchain/avr8/avr8-gnu-toolchain/bin/../lib/gcc/avr/5.4.0/../../../../avr/lib/avr5\libm.a
LOAD c:/program files (x86)/atmel/studio/7.0/toolchain/avr8/avr8-gnu-toolchain/bin/../lib/gcc/avr/5.4.0/../../../../avr/lib/avr5\libc.a
LOAD C:/Program Files (x86)/Atmel/Studio/7.0/Packs/atmel/ATmega_DFP/1.2.150/gcc/dev/atmega328p/avr5\libatmega328p.a
END GROUP
                0x00020000                __TEXT_REGION_LENGTH__ = DEFINED (__TEXT_REGION_LENGTH__)?__TEXT_REGION_LENGTH__:0x20000
                0x0000ffa0                __DATA_REGION_LENGTH__ = DEFINED (__DATA_REGION_LENGTH__)?__DATA_REGION_LENGTH__:0xffa0
                0x00010000                __EEPROM_REGION_LENGTH__ = DEFINED (__EEPROM_REGION_LENGTH__)?__EEPROM_REGION_LENGTH__:0x10000
                [0x00000003]                __FUSE_REGION_LENGTH__ = DEFINED (__FUSE_REGION_LENGTH__)?__FUSE_REGION_LENGTH__:0x400
                0x00000400                __LOCK_REGION_LENGTH__ = DEFINED (__LOCK_REGION_LENGTH__)?__LOCK_REGION_LENGTH__:0x400
                0x00000400                __SIGNATURE_REGION_LENGTH__ = DEFINED (__SIGNATURE_REGION_LENGTH__)?__SIGNATURE_REGION_LENGTH__:0x400
                0x00000400                __USER_SIGNATURE_REGION_LENGTH__ = DEFINED (__USER_SIGNATURE_REGION_LENGTH__)?__USER_SIGNATURE_REGION_LENGTH__:0x400

.hash
 *(.hash)

.dynsym
 *(.dynsym)

.dynstr
 *(.dynstr)

.gnu.version
 *(.gnu.version)

.gnu.version_d
 *(.gnu.version_d)

.gnu.version_r
 *(.gnu.version_r)

.rel.init
 *(.rel.init)

.rela.init
 *(.rela.init)

.rel.text
 *(.rel.text)
 *(.rel.text.*)
 *(.rel.gnu.linkonce.t*)

.rela.text
 *(.rela.text)
 *(.rela.text.*)
 *(.rela.gnu.linkonce.t*)

.rel.fini
 *(.rel.fini)

.rela.fini
 *(.rela.fini)

.rel.rodata
 *(.rel.rodata)
 *(.rel.rodata.*)
 *(.rel.gnu.linkonce.r*)

.rela.rodata
 *(.rela.rodata)
 *(.rela.rodata.*)
 *(.rela.gnu.linkonce.r*)

.rel.data
 *(.rel.data)
 *(.rel.data.*)
 *(.rel.gnu.linkonce.d*)

.rela.data
 *(.rela.data)
 *(.rela.data.*)
 *(.rela.gnu.linkonce.d*)

.rel.ctors
 *(.rel.ctors)

.rela.ctors
 *(.rela.ctors)

.rel.dtors
 *(.rel.dtors)

.rela.dtors
 *(.rela.dtors)

.rel.got
 *(.rel.got)

.rela.got
 *(.rela.got)

.rel.bss
 *(.rel.bss)

.rela.bss
 *(.rela.bss)

.rel.plt
 *(.rel.plt)

.rela.plt
 *(.rela.plt)

.text           0x00000000      0xe8e
 *(.vectors)
 .vectors       0x00000000       0x68 C:/Program Files (x86)/Atmel/Studio/7.0/Packs/atmel/ATmega_DFP/1.2.150/gcc/dev/atmega328p/avr5/crtatmega328p.o
                0x00000000                __vector_default
                0x00000000                __vectors
 *(.vectors)
 *(.progmem.gcc*)
                0x00000068                . = ALIGN (0x2)
                0x00000068                __trampolines_start = .
 *(.trampolines)
 .trampolines   0x00000068        0x0 linker stubs
 *(.trampolines*)
                0x00000068                __trampolines_end = .
 *libprintf_flt.a:*(.progmem.data)
 *libc.a:*(.progmem.data)
 *(.progmem*)
 .progmem.data.__c.2420
                0x00000068        0x3 commandprotocol.o
 .progmem.data.__c.2584
                0x0000006b        0x9 main.o
 .progmem.data.__c.2581
                0x00000074        0xf main.o
 .progmem.data.__c.2578
                0x00000083        0x5 main.o
 .progmem.data.__c.2573
                0x00000088        0x5 main.o
 .progmem.data.__c.2563
                0x0000008d        0xd main.o
 .progmem.data.__c.2553
                0x0000009a        0xc main.o
                0x000000a6                . = ALIGN (0x2)
 *(.jumptables)
 *(.jumptables*)
 *(.lowtext)
 *(.lowtext*)
                0x000000a6                __ctors_start = .
 *(.ctors)
                0x000000a6                __ctors_end = .
                0x000000a6                __dtors_start = .
 *(.dtors)
                0x000000a6                __dtors_end = .
 SORT(*)(.ctors)
 SORT(*)(.dtors)
 *(.init0)
 .init0         0x000000a6        0x0 C:/Program Files (x86)/Atmel/Studio/7.0/Packs/atmel/ATmega_DFP/1.2.150/gcc/dev/atmega328p/avr5/crtatmega328p.o
                0x000000a6                __init
 *(.init0)
 *(.init1)
 *(.init1)
 *(.init2)
 .init2         0x000000a6        0xc C:/Program Files (x86)/Atmel/Studio/7.0/Packs/atmel/ATmega_DFP/1.2.150/gcc/dev/atmega328p/avr5/crtatmega328p.o
 *(.init2)
 *(.init3)
 *(.init3)
 *(.init4)
 .init4         0x000000b2       0x10 c:/program files (x86)/atmel/studio/7.0/toolchain/avr8/avr8-gnu-toolchain/bin/../lib/gcc/avr/5.4.0/avr5\libgcc.a(_clear_bss.o)
                0x000000b2                __do_clear_bss
 *(.init4)
 *(.init5)
 *(.init5)
 *(.init6)
 *(.init6)
 *(.init7)
 *(.init7)
 *(.init8)
 *(.init8)
 *(.init9)
 .init9         0x000000c2        0x8 C:/Program Files (x86)/Atmel/Studio/7.0/Packs/atmel/ATmega_DFP/1.2.150/gcc/dev/atmega328p/avr5/crtatmega328p.o
 *(.init9)
 *(.text)
 .text          0x000000ca        0x4 C:/Program Files (x86)/Atmel/Studio/7.0/Packs/atmel/ATmega_DFP/1.2.150/gcc/dev/atmega328p/avr5/crtatmega328p.o
                0x000000ca                __vector_22
                0x000000ca                __vector_1
                0x000000ca                __vector_24
                0x000000ca                __vector_12
                0x000000ca                __bad_interrupt
                0x000000ca                __vector_6
                0x000000ca                __vector_3
                0x000000ca                __vector_23
                0x000000ca                __vector_25
                0x000000ca                __vector_11
                0x000000ca                __vector_13
                0x000000ca                __vector_17
                0x000000ca                __vector_7
                0x000000ca                __vector_5
                0x000000ca                __vector_4
                0x000000ca                __vector_9
                0x000000ca                __vector_2
                0x000000ca                __vector_21
                0x000000ca                __vector_15
                0x000000ca                __vector_8
                0x000000ca                __vector_14
                0x000000ca                __vector_10
                0x000000ca                __vector_16
                0x000000ce                . = ALIGN (0x2)
 *(.text.*)
 .text.bufferInit
                0x000000ce       0x1a bufferchris.o
                0x000000ce                bufferInit
 .text.bufferAddToEnd
                0x000000e8       0x42 bufferchris.o
                0x000000e8                bufferAddToEnd
 .text.bufferClear
                0x0000012a       0x1a bufferchris.o
                0x0000012a                bufferClear
 .text.myUartRx
                0x00000144       0xb6 commandprotocol.o
                0x00000144                myUartRx
 .text.initCmdHandler
                0x000001fa       0x1c commandprotocol.o
                0x000001fa                initCmdHandler
 .text.initCommandProtocolAddr
                0x00000216       0x3e commandprotocol.o
                0x00000216                initCommandProtocolAddr
 .text.getCommandProtocolAddr
                0x00000254        0x8 commandprotocol.o
                0x00000254                getCommandProtocolAddr
 .text.setCommandProtocolAddr
                0x0000025c       0x1a commandprotocol.o
                0x0000025c                setCommandProtocolAddr
 .text.sendMsg  0x00000276       0x4a commandprotocol.o
                0x00000276                sendMsg
 .text.beginCmdProcessing
                0x000002c0        0xc commandprotocol.o
                0x000002c0                beginCmdProcessing
 .text.endCmdProcessing
                0x000002cc       0x72 commandprotocol.o
                0x000002cc                endCmdProcessing
 .text.pointToNextNonNumericChar
                0x0000033e       0x2c commandprotocol.o
                0x0000033e                pointToNextNonNumericChar
 .text.processCmd
                0x0000036a      0x1c4 main.o
                0x0000036a                processCmd
 .text.startup.main
                0x0000052e       0x80 main.o
                0x0000052e                main
 .text.uartInit
                0x000005ae       0x56 uartchris.o
                0x000005ae                uartInit
 .text.uartSetRxHandler
                0x00000604        0xa uartchris.o
                0x00000604                uartSetRxHandler
 .text.uartGetRxBuffer
                0x0000060e        0x6 uartchris.o
                0x0000060e                uartGetRxBuffer
 .text.uartSendByte
                0x00000614       0x12 uartchris.o
                0x00000614                uartSendByte
 .text.uartSendBuffer
                0x00000626       0x88 uartchris.o
                0x00000626                uartSendBuffer
 .text.__vector_19
                0x000006ae       0x14 uartchris.o
                0x000006ae                __vector_19
 .text.__vector_20
                0x000006c2       0xb6 uartchris.o
                0x000006c2                __vector_20
 .text.__vector_18
                0x00000778       0x82 uartchris.o
                0x00000778                __vector_18
 .text.libgcc.div
                0x000007fa       0x28 c:/program files (x86)/atmel/studio/7.0/toolchain/avr8/avr8-gnu-toolchain/bin/../lib/gcc/avr/5.4.0/avr5\libgcc.a(_udivmodhi4.o)
                0x000007fa                __udivmodhi4
 .text.avr-libc
                0x00000822       0x3c c:/program files (x86)/atmel/studio/7.0/toolchain/avr8/avr8-gnu-toolchain/bin/../lib/gcc/avr/5.4.0/../../../../avr/lib/avr5\libc.a(atoi.o)
                0x00000822                atoi
 .text.avr-libc
                0x0000085e        0xe c:/program files (x86)/atmel/studio/7.0/toolchain/avr8/avr8-gnu-toolchain/bin/../lib/gcc/avr/5.4.0/../../../../avr/lib/avr5\libc.a(memset.o)
                0x0000085e                memset
 .text.avr-libc
                0x0000086c        0xe c:/program files (x86)/atmel/studio/7.0/toolchain/avr8/avr8-gnu-toolchain/bin/../lib/gcc/avr/5.4.0/../../../../avr/lib/avr5\libc.a(strcpy.o)
                0x0000086c                strcpy
 .text.avr-libc
                0x0000087a       0x10 c:/program files (x86)/atmel/studio/7.0/toolchain/avr8/avr8-gnu-toolchain/bin/../lib/gcc/avr/5.4.0/../../../../avr/lib/avr5\libc.a(mul10.o)
                0x0000087a                __mulhi_const_10
 .text.avr-libc
                0x0000088a       0x44 c:/program files (x86)/atmel/studio/7.0/toolchain/avr8/avr8-gnu-toolchain/bin/../lib/gcc/avr/5.4.0/../../../../avr/lib/avr5\libc.a(sprintf_p.o)
                0x0000088a                sprintf_P
 .text.avr-libc
                0x000008ce      0x3c2 c:/program files (x86)/atmel/studio/7.0/toolchain/avr8/avr8-gnu-toolchain/bin/../lib/gcc/avr/5.4.0/../../../../avr/lib/avr5\libc.a(vfprintf_std.o)
                0x000008ce                vfprintf
 .text.avr-libc
                0x00000c90       0x16 c:/program files (x86)/atmel/studio/7.0/toolchain/avr8/avr8-gnu-toolchain/bin/../lib/gcc/avr/5.4.0/../../../../avr/lib/avr5\libc.a(strnlen_P.o)
                0x00000c90                strnlen_P
 .text.avr-libc
                0x00000ca6       0x16 c:/program files (x86)/atmel/studio/7.0/toolchain/avr8/avr8-gnu-toolchain/bin/../lib/gcc/avr/5.4.0/../../../../avr/lib/avr5\libc.a(strnlen.o)
                0x00000ca6                strnlen
 .text.avr-libc
                0x00000cbc       0x78 c:/program files (x86)/atmel/studio/7.0/toolchain/avr8/avr8-gnu-toolchain/bin/../lib/gcc/avr/5.4.0/../../../../avr/lib/avr5\libc.a(fputc.o)
                0x00000cbc                fputc
 .text.avr-libc
                0x00000d34       0xbc c:/program files (x86)/atmel/studio/7.0/toolchain/avr8/avr8-gnu-toolchain/bin/../lib/gcc/avr/5.4.0/../../../../avr/lib/avr5\libc.a(ultoa_invert.o)
                0x00000d34                __ultoa_invert
 .text.avr-libc
                0x00000df0       0x10 C:/Program Files (x86)/Atmel/Studio/7.0/Packs/atmel/ATmega_DFP/1.2.150/gcc/dev/atmega328p/avr5\libatmega328p.a(eerd_byte.o)
                0x00000df0                eeprom_read_byte
 .text.avr-libc
                0x00000e00       0x1c C:/Program Files (x86)/Atmel/Studio/7.0/Packs/atmel/ATmega_DFP/1.2.150/gcc/dev/atmega328p/avr5\libatmega328p.a(eewr_byte.o)
                0x00000e00                eeprom_write_byte
                0x00000e02                eeprom_write_r18
 .text.libgcc.prologue
                0x00000e1c       0x38 c:/program files (x86)/atmel/studio/7.0/toolchain/avr8/avr8-gnu-toolchain/bin/../lib/gcc/avr/5.4.0/avr5\libgcc.a(_prologue.o)
                0x00000e1c                __prologue_saves__
 .text.libgcc.prologue
                0x00000e54       0x36 c:/program files (x86)/atmel/studio/7.0/toolchain/avr8/avr8-gnu-toolchain/bin/../lib/gcc/avr/5.4.0/avr5\libgcc.a(_epilogue.o)
                0x00000e54                __epilogue_restores__
                0x00000e8a                . = ALIGN (0x2)
 *(.fini9)
 .fini9         0x00000e8a        0x0 c:/program files (x86)/atmel/studio/7.0/toolchain/avr8/avr8-gnu-toolchain/bin/../lib/gcc/avr/5.4.0/avr5\libgcc.a(_exit.o)
                0x00000e8a                _exit
                0x00000e8a                exit
 *(.fini9)
 *(.fini8)
 *(.fini8)
 *(.fini7)
 *(.fini7)
 *(.fini6)
 *(.fini6)
 *(.fini5)
 *(.fini5)
 *(.fini4)
 *(.fini4)
 *(.fini3)
 *(.fini3)
 *(.fini2)
 *(.fini2)
 *(.fini1)
 *(.fini1)
 *(.fini0)
 .fini0         0x00000e8a        0x4 c:/program files (x86)/atmel/studio/7.0/toolchain/avr8/avr8-gnu-toolchain/bin/../lib/gcc/avr/5.4.0/avr5\libgcc.a(_exit.o)
 *(.fini0)
                0x00000e8e                _etext = .

.data           0x00800100        0x0 load address 0x00000e8e
                [!provide]                PROVIDE (__data_start, .)
 *(.data)
 *(.data*)
 *(.gnu.linkonce.d*)
 *(.rodata)
 *(.rodata*)
 *(.gnu.linkonce.r*)
                0x00800100                . = ALIGN (0x2)
                0x00800100                _edata = .
                [!provide]                PROVIDE (__data_end, .)

.bss            0x00800100      0x684
                0x00800100                PROVIDE (__bss_start, .)
 *(.bss)
 *(.bss*)
 .bss.UartRxFunc
                0x00800100        0x2 uartchris.o
 .bss.uartTxData
                0x00800102       0x40 uartchris.o
 .bss.uartRxData
                0x00800142       0x40 uartchris.o
 *(COMMON)
 COMMON         0x00800182       0x99 commandprotocol.o
                0x00800182                rxAddressed
                0x00800183                customResponse
                0x00800184                cmdBuffer
                0x008001c4                cmdReadyToProcess
                0x008001c5                rxCommandOverloaded
                0x008001c6                myAddress
                0x008001c7                rxAddrNext
                0x008001c8                rxCompleteFlag
                0x008001c9                rxAddrGlobal
                0x008001ca                sprintbuf
                0x0080021a                rxCommandProcessing
 COMMON         0x0080021b      0x553 main.o
                0x0080021b                int_flag
                0x0080021c                bufindex
                0x0080021e                buf
                0x00800746                myVolatileStr
 COMMON         0x0080076e       0x16 uartchris.o
                0x0080076e                uartReadyTx
                0x0080076f                uartRxBuffer
                0x00800777                uartBufferedTx
                0x00800778                uartRxIntData
                0x00800779                uartTxIntData
                0x0080077a                uartTxBuffer
                0x00800782                uartRxOverflow
                0x00800784                PROVIDE (__bss_end, .)
                0x00000e8e                __data_load_start = LOADADDR (.data)
                0x00000e8e                __data_load_end = (__data_load_start + SIZEOF (.data))

.noinit         0x00800784        0x0
                [!provide]                PROVIDE (__noinit_start, .)
 *(.noinit*)
                [!provide]                PROVIDE (__noinit_end, .)
                0x00800784                _end = .
                [!provide]                PROVIDE (__heap_start, .)

.eeprom         0x00810000        0x0
 *(.eeprom*)
                0x00810000                __eeprom_end = .

.fuse
 *(.fuse)
 *(.lfuse)
 *(.hfuse)
 *(.efuse)

.lock
 *(.lock*)

.signature
 *(.signature*)

.user_signatures
 *(.user_signatures*)

.stab
 *(.stab)

.stabstr
 *(.stabstr)

.stab.excl
 *(.stab.excl)

.stab.exclstr
 *(.stab.exclstr)

.stab.index
 *(.stab.index)

.stab.indexstr
 *(.stab.indexstr)

.comment        0x00000000       0x5c
 *(.comment)
 .comment       0x00000000       0x30 bufferchris.o
                                 0x31 (size before relaxing)
 .comment       0x00000030       0x31 commandprotocol.o
 .comment       0x00000030       0x31 main.o
 .comment       0x00000030       0x31 uartchris.o
 .comment       0x00000030       0x31 c:/program files (x86)/atmel/studio/7.0/toolchain/avr8/avr8-gnu-toolchain/bin/../lib/gcc/avr/5.4.0/../../../../avr/lib/avr5\libc.a(sprintf_p.o)
 .comment       0x00000030       0x2c c:/program files (x86)/atmel/studio/7.0/toolchain/avr8/avr8-gnu-toolchain/bin/../lib/gcc/avr/5.4.0/../../../../avr/lib/avr5\libc.a(vfprintf_std.o)
                                 0x2d (size before relaxing)
 .comment       0x0000005c       0x31 c:/program files (x86)/atmel/studio/7.0/toolchain/avr8/avr8-gnu-toolchain/bin/../lib/gcc/avr/5.4.0/../../../../avr/lib/avr5\libc.a(fputc.o)

.note.gnu.avr.deviceinfo
                0x00000000       0x40
 .note.gnu.avr.deviceinfo
                0x00000000       0x40 C:/Program Files (x86)/Atmel/Studio/7.0/Packs/atmel/ATmega_DFP/1.2.150/gcc/dev/atmega328p/avr5/crtatmega328p.o

.note.gnu.build-id
 *(.note.gnu.build-id)

.debug
 *(.debug)

.line
 *(.line)

.debug_srcinfo
 *(.debug_srcinfo)

.debug_sfnames
 *(.debug_sfnames)

.debug_aranges  0x00000000      0x1e8
 *(.debug_aranges)
 .debug_aranges
                0x00000000       0x58 bufferchris.o
 .debug_aranges
                0x00000058       0x70 commandprotocol.o
 .debug_aranges
                0x000000c8       0x40 main.o
 .debug_aranges
                0x00000108       0xa0 uartchris.o
 .debug_aranges
                0x000001a8       0x20 C:/Program Files (x86)/Atmel/Studio/7.0/Packs/atmel/ATmega_DFP/1.2.150/gcc/dev/atmega328p/avr5\libatmega328p.a(eerd_byte.o)
 .debug_aranges
                0x000001c8       0x20 C:/Program Files (x86)/Atmel/Studio/7.0/Packs/atmel/ATmega_DFP/1.2.150/gcc/dev/atmega328p/avr5\libatmega328p.a(eewr_byte.o)

.debug_pubnames
 *(.debug_pubnames)

.debug_info     0x00000000     0x22c9
 *(.debug_info .gnu.linkonce.wi.*)
 .debug_info    0x00000000      0x5f4 C:/Program Files (x86)/Atmel/Studio/7.0/Packs/atmel/ATmega_DFP/1.2.150/gcc/dev/atmega328p/avr5/crtatmega328p.o
 .debug_info    0x000005f4      0x369 bufferchris.o
 .debug_info    0x0000095d      0x5ef commandprotocol.o
 .debug_info    0x00000f4c      0xb19 main.o
 .debug_info    0x00001a65      0x70c uartchris.o
 .debug_info    0x00002171       0xac C:/Program Files (x86)/Atmel/Studio/7.0/Packs/atmel/ATmega_DFP/1.2.150/gcc/dev/atmega328p/avr5\libatmega328p.a(eerd_byte.o)
 .debug_info    0x0000221d       0xac C:/Program Files (x86)/Atmel/Studio/7.0/Packs/atmel/ATmega_DFP/1.2.150/gcc/dev/atmega328p/avr5\libatmega328p.a(eewr_byte.o)

.debug_abbrev   0x00000000      0xec1
 *(.debug_abbrev)
 .debug_abbrev  0x00000000      0x5a2 C:/Program Files (x86)/Atmel/Studio/7.0/Packs/atmel/ATmega_DFP/1.2.150/gcc/dev/atmega328p/avr5/crtatmega328p.o
 .debug_abbrev  0x000005a2       0xfd bufferchris.o
 .debug_abbrev  0x0000069f      0x254 commandprotocol.o
 .debug_abbrev  0x000008f3      0x2bb main.o
 .debug_abbrev  0x00000bae      0x2eb uartchris.o
 .debug_abbrev  0x00000e99       0x14 C:/Program Files (x86)/Atmel/Studio/7.0/Packs/atmel/ATmega_DFP/1.2.150/gcc/dev/atmega328p/avr5\libatmega328p.a(eerd_byte.o)
 .debug_abbrev  0x00000ead       0x14 C:/Program Files (x86)/Atmel/Studio/7.0/Packs/atmel/ATmega_DFP/1.2.150/gcc/dev/atmega328p/avr5\libatmega328p.a(eewr_byte.o)

.debug_line     0x00000000     0x18d1
 *(.debug_line .debug_line.* .debug_line_end)
 .debug_line    0x00000000      0x133 C:/Program Files (x86)/Atmel/Studio/7.0/Packs/atmel/ATmega_DFP/1.2.150/gcc/dev/atmega328p/avr5/crtatmega328p.o
 .debug_line    0x00000133      0x428 bufferchris.o
 .debug_line    0x0000055b      0x5b8 commandprotocol.o
 .debug_line    0x00000b13      0x681 main.o
 .debug_line    0x00001194      0x625 uartchris.o
 .debug_line    0x000017b9       0x7a C:/Program Files (x86)/Atmel/Studio/7.0/Packs/atmel/ATmega_DFP/1.2.150/gcc/dev/atmega328p/avr5\libatmega328p.a(eerd_byte.o)
 .debug_line    0x00001833       0x9e C:/Program Files (x86)/Atmel/Studio/7.0/Packs/atmel/ATmega_DFP/1.2.150/gcc/dev/atmega328p/avr5\libatmega328p.a(eewr_byte.o)

.debug_frame    0x00000000      0x458
 *(.debug_frame)
 .debug_frame   0x00000000       0x94 bufferchris.o
 .debug_frame   0x00000094      0x100 commandprotocol.o
 .debug_frame   0x00000194       0xdc main.o
 .debug_frame   0x00000270      0x1e8 uartchris.o

.debug_str      0x00000000     0x9a05
 *(.debug_str)
 .debug_str     0x00000000      0x208 C:/Program Files (x86)/Atmel/Studio/7.0/Packs/atmel/ATmega_DFP/1.2.150/gcc/dev/atmega328p/avr5/crtatmega328p.o
 .debug_str     0x00000208     0x6da4 bufferchris.o
                               0x6e97 (size before relaxing)
 .debug_str     0x00006fac     0x20c9 commandprotocol.o
                               0x8fb4 (size before relaxing)
 .debug_str     0x00009075      0x814 main.o
                               0x93af (size before relaxing)
 .debug_str     0x00009889      0x17c uartchris.o
                               0x7559 (size before relaxing)

.debug_loc      0x00000000     0x1672
 *(.debug_loc)
 .debug_loc     0x00000000      0x23f bufferchris.o
 .debug_loc     0x0000023f      0x338 commandprotocol.o
 .debug_loc     0x00000577      0xbe5 main.o
 .debug_loc     0x0000115c      0x516 uartchris.o

.debug_macinfo
 *(.debug_macinfo)

.debug_weaknames
 *(.debug_weaknames)

.debug_funcnames
 *(.debug_funcnames)

.debug_typenames
 *(.debug_typenames)

.debug_varnames
 *(.debug_varnames)

.debug_pubtypes
 *(.debug_pubtypes)

.debug_ranges   0x00000000      0x200
 *(.debug_ranges)
 .debug_ranges  0x00000000       0x48 bufferchris.o
 .debug_ranges  0x00000048       0xb8 commandprotocol.o
 .debug_ranges  0x00000100       0x58 main.o
 .debug_ranges  0x00000158       0xa8 uartchris.o

.debug_macro    0x00000000     0x399e
 *(.debug_macro)
 .debug_macro   0x00000000       0xc9 bufferchris.o
 .debug_macro   0x000000c9      0xa4e bufferchris.o
 .debug_macro   0x00000b17       0x10 bufferchris.o
 .debug_macro   0x00000b27      0x1c9 bufferchris.o
 .debug_macro   0x00000cf0      0x2fc bufferchris.o
 .debug_macro   0x00000fec       0x9e bufferchris.o
 .debug_macro   0x0000108a     0x1410 bufferchris.o
 .debug_macro   0x0000249a      0x13a bufferchris.o
 .debug_macro   0x000025d4       0xbd bufferchris.o
 .debug_macro   0x00002691       0x34 bufferchris.o
 .debug_macro   0x000026c5       0x18 bufferchris.o
 .debug_macro   0x000026dd       0x6c bufferchris.o
 .debug_macro   0x00002749       0x16 bufferchris.o
 .debug_macro   0x0000275f       0x97 bufferchris.o
 .debug_macro   0x000027f6       0x16 bufferchris.o
 .debug_macro   0x0000280c       0x6a bufferchris.o
 .debug_macro   0x00002876       0x4c bufferchris.o
 .debug_macro   0x000028c2       0x1c bufferchris.o
 .debug_macro   0x000028de      0x14c commandprotocol.o
 .debug_macro   0x00002a2a       0x58 commandprotocol.o
 .debug_macro   0x00002a82       0x10 commandprotocol.o
 .debug_macro   0x00002a92       0xf2 commandprotocol.o
 .debug_macro   0x00002b84       0x20 commandprotocol.o
 .debug_macro   0x00002ba4       0xf6 commandprotocol.o
 .debug_macro   0x00002c9a       0x33 commandprotocol.o
 .debug_macro   0x00002ccd       0x10 commandprotocol.o
 .debug_macro   0x00002cdd       0x35 commandprotocol.o
 .debug_macro   0x00002d12       0xe2 commandprotocol.o
 .debug_macro   0x00002df4       0x92 commandprotocol.o
 .debug_macro   0x00002e86       0x1c commandprotocol.o
 .debug_macro   0x00002ea2       0x10 commandprotocol.o
 .debug_macro   0x00002eb2      0x160 commandprotocol.o
 .debug_macro   0x00003012      0x15b main.o
 .debug_macro   0x0000316d      0x302 main.o
 .debug_macro   0x0000346f       0x1c main.o
 .debug_macro   0x0000348b       0x97 main.o
 .debug_macro   0x00003522       0x5a main.o
 .debug_macro   0x0000357c       0xaa main.o
 .debug_macro   0x00003626       0x69 main.o
 .debug_macro   0x0000368f       0x12 main.o
 .debug_macro   0x000036a1       0x5e main.o
 .debug_macro   0x000036ff       0x37 main.o
 .debug_macro   0x00003736       0x22 main.o
 .debug_macro   0x00003758       0xe0 uartchris.o
 .debug_macro   0x00003838      0x166 uartchris.o
OUTPUT(LEDSTR1.elf elf32-avr)
LOAD linker stubs
